[2026-04-20T18:39:43.568Z] [ERROR] [generateObject] zod 校验失败
{
  "zodErrors": [
    {
      "code": "invalid_type",
      "expected": "array",
      "received": "undefined",
      "path": [
        "characters",
        7,
        "strengths"
      ],
      "message": "Required"
    }
  ],
  "rawKeys": [
    "characters",
    "relationships"
  ]
}
[2026-04-20T18:41:12.383Z] [ERROR] [generateObject] JSON 提取失败
{
  "error": "Error: 无法从 AI 返回中提取有效的 JSON",
  "textLength": 3709,
  "textFull": "{\n  \"acts\": [\n    {\n      \"actNumber\": 1,\n      \"title\": \"觉醒与重塑\",\n      \"chapterRange\": \"第1-5章\",\n      \"description\": \"陈荒觉醒因果模拟器，预知到大婚之日全员背叛的必死结局。为了对抗天道收割逻辑，他放弃原本的仁慈，利用模拟器寻找弟子心理漏洞，开始对大弟子谢无妄和二弟子苏红衣进行残酷而高效的“爱的改造”，将他们重塑为狂热的护道者。\",\n      \"plotSegments\": [\n        {\n          \"title\": \"必死的剧本\",\n          \"chapterRange\": \"第1-2章\",\n          \"summary\": \"陈荒在大婚前夜觉醒模拟器，无论模拟多少次，结局都是被最信任的大弟子谢无妄一剑穿心。他窥见世界本质是“万灵牧场”，天道通过悲剧收割能量。意识到常规努力无效，他决定反其道而行之，不再做慈师，而要做掌控一切的“父”。\",\n          \"keyEvents\": [\"觉醒模拟器\", \"发现世界真相\", \"决定逆天改命\"],\n          \"characters\": [\"陈荒\", \"司命\"],\n          \"purpose\": \"确立核心冲突与主角动机，揭示世界观设定\"\n        },\n        {\n          \"title\": \"扭曲的剑道\",\n          \"chapterRange\": \"第3-5章\",\n          \"summary\": \"陈荒针对大弟子谢无妄的剑痴属性，在模拟中反复试验，最终植入“师尊即剑道，护师即证道”的疯狂逻辑。同时，对二弟子苏红衣实施病娇驯化，建立残酷的奖励机制，让她将痛苦视为恩赐。两人彻底沦为陈荒最锋利的刀。\",\n          \"keyEvents\": [\"改造谢无妄\", \"驯化苏红衣\", \"植入灵魂烙印\"],\n          \"characters\": [\"陈荒\", \"谢无妄\", \"苏红衣\"],\n          \"purpose\": \"展示主角的手段，将核心配角转化为战力，铺垫“全员背叛”的反转基础\"\n        }\n      ]\n    },\n    {\n      \"actNumber\": 2,\n      \"title\": \"暗流与天劫\",\n      \"chapterRange\": \"第6-10章\",\n      \"description\": “改造”并非一帆风顺，四弟子莫问察觉到异常陷入恐惧与挣扎。三弟子罗三被彻底收编。与此同时，天道安排的“完美新娘”叶青鸾到来，试图引爆剧情。天道程序司命察觉能量回收异常，开始强行降下天劫，试图修正偏离的剧本。\",\n      \"plotSegments\": [\n        {\n          \"title\": \"不稳定的因子\",\n          \"chapterRange\": \"第6-7章\",\n          \"summary\": \"陈荒对三弟子罗三进行改造，给予其渴望的“家”的归属感，使其成为死忠。然而，四弟子莫问多疑敏感，察觉到陈荒在操控人心，内心极度恐惧。鬼婆婆疯言疯语点拨陈荒，指出莫问是最大的不稳定因素，必须处理。\",\n          \"keyEvents\": [\"收服罗三\", \"莫问的怀疑\", \"鬼婆婆的警告\"],\n          \"characters\": [\"陈荒\", \"罗三\", \"莫问\", \"鬼婆婆\"],\n          \"purpose\": \"引入内部冲突，展示改造的失败案例，增加剧情张力\"\n        },\n        {\n          \"title\": \"被囚禁的新娘\",\n          \"chapterRange\": \"第8-10章\",\n          \"summary\": \"邻国圣女叶青鸾按剧本抵达，本是大婚背叛的关键引信。陈荒识破后并未杀她，而是将其囚禁在身边，作为对抗天道的筹码。天道程序司命发现剧情偏离，降下雷劫试图强制抹杀陈荒，却被已被洗脑的谢无妄和苏红衣视为对师尊的“考验”，拼死挡下。\",\n          \"keyEvents\": [\"囚禁叶青鸾\", \"司命降下天劫\", \"弟子拼死护主\"],\n          \"characters\": [\"陈荒\", \"叶青鸾\", \"司命\", \"谢无妄\", \"苏红衣\"],\n          \"purpose\": \"引入外部压力，展示天道与主角的正面交锋，验证洗脑成果\"\n        }\n      ]\n    },\n    {\n      \"actNumber\": 3,\n      \"title\": \"崩坏的婚礼\",\n      \"chapterRange\": \"第11-15章\",\n      \"description\": \"大婚之日，剧本强制启动。莫问按原定计划背叛，却被早已扭曲逻辑的师兄师妹视为异端斩杀。天道试图收割绝望，却收获到弟子们对陈荒的狂热崇拜。能量回收失败，世界规则崩坏，陈荒带领疯批弟子斩向苍穹。\",\n      \"plotSegments\": [\n        {\n          \"title\": \"血色大婚\",\n          \"chapterRange\": \"第11-12章\",\n          \"summary\": \"大婚当日，天道强行开启“全员背叛”剧情。莫问在恐惧与压力下终于选择刺杀陈荒，试图顺应剧本以求自保。然而，预想中的众叛亲离并未发生，谢无妄和苏红衣眼中的杀意瞬间沸腾，却不是针对陈荒，而是针对莫问这个“欺师灭祖”的叛徒。\",\n          \"keyEvents\": [\"大婚开始\", \"莫问刺杀\", \"剧情反转\"],\n          \"characters\": [\"陈荒\", \"莫问\", \"谢无妄\", \"苏红衣\", \"司命\"],\n          \"purpose\": \"剧情高潮，原定背叛被彻底粉碎，戏剧性冲突达到顶峰\"\n        },\n        {\n          \"title\": \"父权斩天道\",\n          \"chapterRange\": \"第13-15章\",\n          \"summary\": \"谢无妄一剑斩杀莫问，苏红衣疯狂清理现场。天道司命因无法收割怨气，反而因逻辑悖论陷入混乱。世界屏障破碎，露出高维牧场的真容。陈荒站在废墟之上，看着这群洗脑最彻底的“好孩子”，露出满意的笑容，随即带领他们挥刀斩向那虚假的苍穹。\",\n          \"keyEvents\": [\"斩杀叛徒\", \"天道崩溃\", \"斩向苍穹\"],\n          \"characters\": [\"陈荒\", \"谢无妄\", \"苏红衣\", \"司命\"],\n          \"purpose\": \"完成核心冲突的解决，打破世界观桎梏，确立主角的最终胜利\"\n        }\n      ]\n    }\n  ],\n  \"plotPoints\": [\n    {\n      \"name\": \"触发事件\",\n      \"chapter\": \"第1章\",\n      \"description\": \"陈荒觉醒模拟器，预知大婚之日必死于弟子背叛，并发现世界是高维养殖场。\"\n    },\n    {\n      \"name\": \"第一次转折\",\n      \"chapter\": \"第3章\",\n      \"description\": \"陈荒放弃常规修炼，转而利用模拟器漏洞，开始对大弟子谢无妄进行精神植入和性格重塑。\"\n    },\n    {\n      \"name\": \"中点\",\n      \"chapter\": \"第8章\",\n      \"description\": \"天道安排的关键棋子叶青鸾登场，陈荒将其囚禁而非接纳，直接挑衅天道剧本，导致司命降下天劫。\"\n    },\n    {\n      \"name\": \"第二次转折\",\n      \"chapter\": \"第11章\",\n      \"description\": \"大婚之日，天道强制执行背叛剧情，四弟子莫问真的动手了，局势看似回到原点。\"\n    },\n    {\n      \"name\": \"高潮\",\n      \"chapter\": \"第13章\",\n      \"description\": \"谢无妄和苏红衣为了“保护”师尊，残忍斩杀叛徒莫问，天道因逻辑悖论无法收割能量，系统崩溃。\"\n    },\n    {\n      \"name\": \"结局\",\n      \"chapter\": \"第15章\",\n      \"description\": \"世界壁垒破碎，陈荒带领被彻底驯化的弟子们，向高维牧羊人发起总攻。\"\n    }\n  ]\n}"
}
[2026-04-20T18:41:12.384Z] [ERROR] 一键生成失败
{
  "taskId": "pg_1776710211830_sholf6",
  "projectId": "cmo7jdwzi00023j9gs6yqjhow",
  "error": {}
}
